dev-01: v1=88, no-CM=1, v2=1, 36ms, 0 candidate errors
dev-02: v1=111, no-CM=3, v2=3, 236ms, 0 candidate errors
dev-03: v1=111, no-CM=12, v2=12, 161ms, 0 candidate errors
dev-04: v1=140, no-CM=56, v2=40, 162ms, 0 candidate errors
dev-05: v1=164, no-CM=65, v2=45, 161ms, 0 candidate errors
dev-06: v1=543, no-CM=455, v2=375, 185ms, 0 candidate errors
{"output":"docs/implementation/evidence/native-development-shipping.json","summary":{"documents":6,"candidates":564,"candidateErrors":0,"noGrowthFailures":0,"selectionMismatches":0,"exactRoundTripFailures":0}}
dev-07: v1=282, no-CM=144, v2=111, 272ms, 0 candidate errors
dev-08: v1=268, no-CM=189, v2=131, 169ms, 0 candidate errors
dev-11: v1=3228, no-CM=2927, v2=2631, 487ms, 0 candidate errors
dev-12: v1=5950, no-CM=5789, v2=5789, 804ms, 0 candidate errors
dev-13: v1=5111, no-CM=4871, v2=4871, 377ms, 0 candidate errors
dev-15: v1=228, no-CM=108, v2=73, 159ms, 0 candidate errors
{"output":"docs/implementation/evidence/native-development-shipping.json","summary":{"documents":12,"candidates":1164,"candidateErrors":0,"noGrowthFailures":0,"selectionMismatches":0,"exactRoundTripFailures":0}}
dev-16: v1=219, no-CM=103, v2=103, 279ms, 0 candidate errors
dev-17: v1=218, no-CM=115, v2=115, 155ms, 0 candidate errors
dev-18: v1=187, no-CM=83, v2=83, 168ms, 0 candidate errors
dev-19: v1=180, no-CM=51, v2=51, 153ms, 0 candidate errors
dev-20: v1=179, no-CM=73, v2=73, 162ms, 0 candidate errors
dev-21: v1=135, no-CM=37, v2=35, 158ms, 0 candidate errors
supplemental-rich: v1=398, no-CM=227, v2=135, 339ms, 0 candidate errors
supplemental-style: v1=458, no-CM=387, v2=225, 172ms, 0 candidate errors
supplemental-empty-root: v1=40, no-CM=4, v2=4, 162ms, 0 candidate errors
supplemental-alias: v1=ineligible, no-CM=113, v2=81, 171ms, 0 candidate errors
{"output":"docs/implementation/evidence/native-development-shipping.json","summary":{"documents":22,"candidates":1986,"candidateErrors":0,"noGrowthFailures":0,"selectionMismatches":0,"exactRoundTripFailures":0}}
