dev-01: v1=88, no-CM=1, v2=1, 1942ms, 0 candidate errors
dev-02: v1=111, no-CM=3, v2=3, 1914ms, 0 candidate errors
dev-03: v1=111, no-CM=12, v2=12, 1855ms, 0 candidate errors
dev-04: v1=140, no-CM=56, v2=40, 2132ms, 0 candidate errors
dev-05: v1=164, no-CM=65, v2=45, 1850ms, 0 candidate errors
dev-06: v1=543, no-CM=455, v2=375, 2409ms, 0 candidate errors
dev-07: v1=282, no-CM=144, v2=111, 2185ms, 0 candidate errors
dev-08: v1=268, no-CM=183, v2=131, 2182ms, 0 candidate errors
dev-11: v1=3228, no-CM=2912, v2=2631, 4323ms, 0 candidate errors
dev-12: v1=5950, no-CM=5789, v2=5789, 8224ms, 0 candidate errors
dev-13: v1=5111, no-CM=4871, v2=4871, 4764ms, 0 candidate errors
dev-15: v1=228, no-CM=108, v2=73, 2205ms, 0 candidate errors
dev-16: v1=219, no-CM=103, v2=103, 2193ms, 0 candidate errors
dev-17: v1=218, no-CM=115, v2=115, 1885ms, 0 candidate errors
{"output":"docs/implementation/evidence/native-development-exhaustive.json","summary":{"documents":14,"candidates":1486,"candidateErrors":0,"noGrowthFailures":0,"selectionMismatches":0,"exactRoundTripFailures":0}}
dev-18: v1=187, no-CM=83, v2=83, 2187ms, 0 candidate errors
dev-19: v1=180, no-CM=51, v2=51, 1848ms, 0 candidate errors
dev-20: v1=179, no-CM=73, v2=73, 1938ms, 0 candidate errors
dev-21: v1=135, no-CM=37, v2=35, 1657ms, 0 candidate errors
{"output":"docs/implementation/evidence/native-development-exhaustive.json","summary":{"documents":18,"candidates":1873,"candidateErrors":0,"noGrowthFailures":0,"selectionMismatches":0,"exactRoundTripFailures":0}}
supplemental-rich: v1=398, no-CM=212, v2=135, 2308ms, 0 candidate errors
supplemental-style: v1=458, no-CM=341, v2=225, 1829ms, 0 candidate errors
supplemental-empty-root: v1=40, no-CM=4, v2=4, 1582ms, 0 candidate errors
supplemental-alias: v1=ineligible, no-CM=112, v2=81, 1205ms, 0 candidate errors
{"output":"docs/implementation/evidence/native-development-exhaustive.json","summary":{"documents":22,"candidates":2193,"candidateErrors":0,"noGrowthFailures":0,"selectionMismatches":0,"exactRoundTripFailures":0}}
